<html>
<body>
<pre>
<h1>µVision Build Log</h1>
<h2>Project:</h2>
C:\Users\AcerPC\Desktop\GradSchool\TM4C1234g\ControllableInverter\ADCSWTrigger.uvproj
Project File Date:  02/09/2018

<h2>Output:</h2>
Rebuild target 'ADCSWTrigger'
assembling startup.s...
compiling PLL.c...
compiling main_inverter.c...
compiling ADC.c...
compiling Measurements.c...
compiling SysTickInts.c...
SysTickInts.c(73): warning:  #68-D: integer conversion resulted in a change of sign
        double inputNeg=(inputValue*-1)+3.3;
SysTickInts.c: 1 warning, 0 errors
compiling VoltageConverter.c...
compiling PWM.c...
compiling utilities.c...
linking...
Program Size: Code=8100 RO-data=32 RW-data=188 ZI-data=1924  
".\ADCSWTrigger.axf" - 0 Error(s), 1 Warning(s).
Load "C:\\Users\\AcerPC\\Desktop\\GradSchool\\TM4C1234g\\ControllableInverter\\ADCSWTrigger.axf" 
Connecting: Mode=JTAG, Speed=1000000Hz
Erase Done.
Programming Done.
Verify OK.
