<html>
<body>
<pre>
<h1>µVision Build Log</h1>
<h2>Project:</h2>
C:\Users\AcerPC\Desktop\GradSchool\TM4C1234g\ControllableInverter\ADCSWTrigger.uvproj
Project File Date:  02/09/2018

<h2>Output:</h2>
Rebuild target 'ADCSWTrigger'
assembling startup.s...
compiling PLL.c...
compiling main_inverter.c...
compiling ADC.c...
compiling Measurements.c...
compiling SysTickInts.c...
compiling VoltageConverter.c...
compiling PWM.c...
compiling utilities.c...
linking...
Program Size: Code=7292 RO-data=32 RW-data=188 ZI-data=1924  
".\ADCSWTrigger.axf" - 0 Error(s), 0 Warning(s).
Load "C:\\Users\\AcerPC\\Desktop\\GradSchool\\TM4C1234g\\ControllableInverter\\ADCSWTrigger.axf" 
Connecting: Mode=JTAG, Speed=1000000Hz
Erase Done.
Programming Done.
Verify OK.
</pre>
</body>
</html>
School\\TM4C1234g\\ControllableInverter\\ADCSWTrigger.axf" 
Connecting: Mode=JTAG, Speed=1000000Hz
Erase Done.
Programming Done.
Verify OK.

"C:\\Users\\AcerPC\\Desktop\\GradSchool\\TM4C1234g\\ControllableInverter\\ADCSWTrigger.axf" 
Connecting: Mode=JTAG, Speed=1000000Hz
Erase Done.
Programming Done.
Verify OK.
Error: Target DLL has been cancelled. Debugger aborted !
